// Jest Snapshot v1, https://goo.gl/fbAQLP

exports[`App renders without crashing 1`] = `
<ForwardRef(IonApp)>
  <ForwardRef(IonHeader)
    slot="start"
  >
    <ForwardRef(IonToolbar)>
      <ForwardRef(IonButtons)
        slot="start"
        style={
          Object {
            "paddingLeft": "10px",
          }
        }
      >
        <ForwardRef(IonMenuButton) />
      </ForwardRef(IonButtons)>
      <Link
        style={
          Object {
            "color": "black",
            "textDecoration": "none",
          }
        }
        to="/"
      >
        <ForwardRef(IonTitle)
          style={
            Object {
              "marginLeft": "auto",
              "marginRight": "auto",
            }
          }
        >
          <img
            alt="Ke-Taxi"
            src="Group3.svg"
          />
        </ForwardRef(IonTitle)>
      </Link>
      <Link
        slot="end"
        style={
          Object {
            "color": "black",
            "textDecoration": "none",
          }
        }
        to="/signin"
      >
        <ForwardRef(IonButtons)
          style={
            Object {
              "paddingRight": "10px",
            }
          }
        >
          <img
            alt="signin"
            src="signin.svg"
          />
        </ForwardRef(IonButtons)>
      </Link>
    </ForwardRef(IonToolbar)>
  </ForwardRef(IonHeader)>
  <IonPage
    style={
      Object {
        "marginTop": "50px",
      }
    }
  >
    <Navigation />
    <ForwardRef(IonContent)
      id="main"
      scrollY={false}
    >
      <Routes />
    </ForwardRef(IonContent)>
  </IonPage>
</ForwardRef(IonApp)>
`;
